[sbustos.rtacchi.com/index.html]
[backblue.gif]
[fade.gif]
[index.html]
[sbustos.rtacchi.com/indexf750.html]
[sbustos.rtacchi.com/templates/protostar/favicon.ico]
[sbustos.rtacchi.com/templates/protostar/css/template.css]
[sbustos.rtacchi.com/modules/mod_slicebox_slider/css/slicebox.css]
[sbustos.rtacchi.com/modules/mod_slicebox_slider/css/custom.css]
[sbustos.rtacchi.com/media/jui/js/jquery.min.js]
[sbustos.rtacchi.com/media/jui/js/jquery-noconflict.js]
[sbustos.rtacchi.com/media/jui/js/jquery-migrate.min.js]
[sbustos.rtacchi.com/media/system/js/caption.js]
[sbustos.rtacchi.com/media/jui/js/bootstrap.min.js]
[sbustos.rtacchi.com/templates/protostar/js/template.js]
[sbustos.rtacchi.com/modules/mod_slicebox_slider/js/jquery-1.8.3.min.js]
[sbustos.rtacchi.com/modules/mod_slicebox_slider/js/noconflict.js]
[sbustos.rtacchi.com/modules/mod_slicebox_slider/js/modernizr.custom.46884.js]
[sbustos.rtacchi.com/modules/mod_slicebox_slider/js/jquery.slicebox_pad.min.js]
[sbustos.rtacchi.com/images/Header_CesfamFinal2-05.jpg]
[sbustos.rtacchi.com/index7cd2.html]
[sbustos.rtacchi.com/indexcfe8.html]
[sbustos.rtacchi.com/index51a3.html]
[sbustos.rtacchi.com/indexe23d.html]
[sbustos.rtacchi.com/index37c8.html]
[sbustos.rtacchi.com/index383d.html]
[sbustos.rtacchi.com/index92c1.html]
[sbustos.rtacchi.com/index49ea.html]
[sbustos.rtacchi.com/index84b7.html]
[sbustos.rtacchi.com/index9d04.html]
[sbustos.rtacchi.com/indexba72.html]
[sbustos.rtacchi.com/indexc082.html]
[sbustos.rtacchi.com/indexf0e8.html]
[sbustos.rtacchi.com/index58e2.html]
[sbustos.rtacchi.com/indexc3c7.html]
[sbustos.rtacchi.com/index088b.html]
[sbustos.rtacchi.com/index111b.html]
[sbustos.rtacchi.com/index0ccf.html]
[sbustos.rtacchi.com/indexc106.html]
[sbustos.rtacchi.com/index6fef.html]
[sbustos.rtacchi.com/index5a69.html]
[sbustos.rtacchi.com/indexfde9.html]
[sbustos.rtacchi.com/index9991.html]
[sbustos.rtacchi.com/index4366.html]
[sbustos.rtacchi.com/indexa795.html]
[sbustos.rtacchi.com/index4b52.html]
[sbustos.rtacchi.com/index8591.html]
[sbustos.rtacchi.com/index93e3.html]
[sbustos.rtacchi.com/index7c32.php]
[sbustos.rtacchi.com/indexf9f5.html]
[sbustos.rtacchi.com/modules/mod_slicebox_slider/cesfam2/12.jpg]
[sbustos.rtacchi.com/modules/mod_slicebox_slider/cesfam2/11.jpg]
[sbustos.rtacchi.com/modules/mod_slicebox_slider/cesfam2/4.jpg]
[sbustos.rtacchi.com/modules/mod_slicebox_slider/cesfam2/14.jpg]
[sbustos.rtacchi.com/modules/mod_slicebox_slider/cesfam2/8.jpg]
[sbustos.rtacchi.com/modules/mod_slicebox_slider/cesfam2/1.jpg]
[sbustos.rtacchi.com/modules/mod_slicebox_slider/cesfam2/16.jpg]
[sbustos.rtacchi.com/modules/mod_slicebox_slider/cesfam2/3.jpg]
[sbustos.rtacchi.com/modules/mod_slicebox_slider/cesfam2/15.jpg]
[sbustos.rtacchi.com/index5968.html]
[sbustos.rtacchi.com/index1301.html]
[sbustos.rtacchi.com/index.html]
[sbustos.rtacchi.com/images/rtacchi-footer.png]
[sbustos.rtacchi.com/indexe736.html]
[sbustos.rtacchi.com/modules/mod_slicebox_slider/cesfam2/2.jpg]
[sbustos.rtacchi.com/modules/mod_slicebox_slider/cesfam2/7.jpg]
[sbustos.rtacchi.com/modules/mod_slicebox_slider/cesfam2/17.jpg]
[sbustos.rtacchi.com/indexf750.html]
[sbustos.rtacchi.com/modules/mod_slicebox_slider/cesfam2/9.jpg]
[sbustos.rtacchi.com/media/jui/fonts/IcoMoon.eot]
[sbustos.rtacchi.com/media/jui/fonts/IcoMoond41d.eot]
[sbustos.rtacchi.com/media/jui/fonts/IcoMoon.woff]
[sbustos.rtacchi.com/media/jui/fonts/IcoMoon.ttf]
[sbustos.rtacchi.com/templates/protostar/css/template.css]
[sbustos.rtacchi.com/modules/mod_slicebox_slider/css/slicebox.css]
[sbustos.rtacchi.com/modules/mod_slicebox_slider/images/nav_60_30.png]
[sbustos.rtacchi.com/modules/mod_slicebox_slider/css/custom.css]
[sbustos.rtacchi.com/index7cd2.html]
[sbustos.rtacchi.com/modules/mod_slicebox_slider/images/options.png]
[sbustos.rtacchi.com/indexcfe8.html]
[sbustos.rtacchi.com/indexa4cb.html]
[sbustos.rtacchi.com/index6302.html]
[sbustos.rtacchi.com/index7a84.html]
[sbustos.rtacchi.com/index51a3.html]
[sbustos.rtacchi.com/index3b68.html]
[sbustos.rtacchi.com/index66be.html]
[sbustos.rtacchi.com/index4f1a.html]
[sbustos.rtacchi.com/indexe23d.html]
[sbustos.rtacchi.com/index37c8.html]
[sbustos.rtacchi.com/index383d.html]
[sbustos.rtacchi.com/index59e0.html]
[sbustos.rtacchi.com/indexf145.html]
[sbustos.rtacchi.com/indexe107.html]
[sbustos.rtacchi.com/index92c1.html]
[sbustos.rtacchi.com/index49ea.html]
[sbustos.rtacchi.com/index360e.html]
[sbustos.rtacchi.com/indexb74a.html]
[sbustos.rtacchi.com/indexedd4.html]
[sbustos.rtacchi.com/index84b7.html]
[sbustos.rtacchi.com/index9d04.html]
[sbustos.rtacchi.com/indexba72.html]
[sbustos.rtacchi.com/indexc082.html]
[sbustos.rtacchi.com/indexf0e8.html]
[sbustos.rtacchi.com/index90d5.html]
[sbustos.rtacchi.com/indexe90c.html]
[sbustos.rtacchi.com/indexdd8b.html]
[sbustos.rtacchi.com/index58e2.html]
[sbustos.rtacchi.com/indexc3c7.html]
[sbustos.rtacchi.com/index088b.html]
[sbustos.rtacchi.com/index111b.html]
[sbustos.rtacchi.com/index0ccf.html]
[sbustos.rtacchi.com/index0547.html]
[sbustos.rtacchi.com/index02d9.html]
[sbustos.rtacchi.com/indexc106.html]
[sbustos.rtacchi.com/index6fef.html]
[sbustos.rtacchi.com/index5a69.html]
[sbustos.rtacchi.com/indexfde9.html]
[sbustos.rtacchi.com/index9991.html]
[sbustos.rtacchi.com/index10e3.html]
[sbustos.rtacchi.com/indexdc8d.html]
[sbustos.rtacchi.com/index41dc.html]
[sbustos.rtacchi.com/index4366.html]
[sbustos.rtacchi.com/index8202.html]
[sbustos.rtacchi.com/index9f20.html]
[sbustos.rtacchi.com/index0a91.html]
[sbustos.rtacchi.com/indexa795.html]
[sbustos.rtacchi.com/index4b52.html]
[sbustos.rtacchi.com/index8591.html]
[sbustos.rtacchi.com/indexa5e2.html]
[sbustos.rtacchi.com/indexa030.html]
[sbustos.rtacchi.com/index7f30.html]
[sbustos.rtacchi.com/index93e3.html]
[sbustos.rtacchi.com/index7c32.html]
[sbustos.rtacchi.com/indexf9f5.html]
[sbustos.rtacchi.com/slboxnav.html]
[sbustos.rtacchi.com/index5968.html]
[sbustos.rtacchi.com/indexa6c1.html]
[sbustos.rtacchi.com/index1301.html]
[sbustos.rtacchi.com/indexe736.html]
[sbustos.rtacchi.com/media/jui/fonts/IcoMoon.svg]
[sbustos.rtacchi.com/indexa4cb.html]
[sbustos.rtacchi.com/index6302.html]
[sbustos.rtacchi.com/index7a84.html]
[sbustos.rtacchi.com/index3b68.html]
[sbustos.rtacchi.com/index66be.html]
[sbustos.rtacchi.com/index4f1a.html]
[sbustos.rtacchi.com/index59e0.html]
[sbustos.rtacchi.com/indexf145.html]
[sbustos.rtacchi.com/indexe107.html]
[sbustos.rtacchi.com/index360e.html]
[sbustos.rtacchi.com/indexb74a.html]
[sbustos.rtacchi.com/indexedd4.html]
[sbustos.rtacchi.com/index90d5.html]
[sbustos.rtacchi.com/indexe90c.html]
[sbustos.rtacchi.com/indexdd8b.html]
[sbustos.rtacchi.com/index0547.html]
[sbustos.rtacchi.com/index02d9.html]
[sbustos.rtacchi.com/index35f7.html]
[sbustos.rtacchi.com/index8efb.php]
[sbustos.rtacchi.com/index69dd.php]
[sbustos.rtacchi.com/media/system/js/mootools-core.js]
[sbustos.rtacchi.com/media/system/js/core.js]
[sbustos.rtacchi.com/index4b08.html]
[sbustos.rtacchi.com/index7960.html]
[sbustos.rtacchi.com/index3f7c.html]
[sbustos.rtacchi.com/index045c.html]
[sbustos.rtacchi.com/index49ad.html]
[sbustos.rtacchi.com/index5d83.html]
[sbustos.rtacchi.com/index627d.html]
[sbustos.rtacchi.com/indexa100.html]
[sbustos.rtacchi.com/indexe804.html]
[sbustos.rtacchi.com/indexf35b.html]
[sbustos.rtacchi.com/index10e3.html]
[sbustos.rtacchi.com/indexdc8d.html]
[sbustos.rtacchi.com/index41dc.html]
[sbustos.rtacchi.com/index8202.html]
[sbustos.rtacchi.com/index9f20.html]
[sbustos.rtacchi.com/index0a91.html]
[sbustos.rtacchi.com/indexa5e2.html]
[sbustos.rtacchi.com/indexa030.html]
[sbustos.rtacchi.com/index7f30.html]
[sbustos.rtacchi.com/indexa6c1.html]
[sbustos.rtacchi.com/GET.html]
[sbustos.rtacchi.com/index7f84.html]
[sbustos.rtacchi.com/index1145.php]
[sbustos.rtacchi.com/indexde25.php]
[sbustos.rtacchi.com/modules/mod_slicebox_slider/cesfam2/6.jpg]
[sbustos.rtacchi.com/modules/mod_slicebox_slider/cesfam2/13.jpg]
[sbustos.rtacchi.com/index64c1.html]
[sbustos.rtacchi.com/index88ae.html]
[sbustos.rtacchi.com/indexd9e6.html]
[sbustos.rtacchi.com/indexf238.html]
[sbustos.rtacchi.com/index947f.html]
[sbustos.rtacchi.com/index35f7.html]
[sbustos.rtacchi.com/index3059.html]
[sbustos.rtacchi.com/index780b.php]
[sbustos.rtacchi.com/index4b08.html]
[sbustos.rtacchi.com/index7960.html]
[sbustos.rtacchi.com/index3f7c.html]
[sbustos.rtacchi.com/index045c.html]
[sbustos.rtacchi.com/index49ad.html]
[sbustos.rtacchi.com/index0067.php]
[sbustos.rtacchi.com/index58e5.html]
[sbustos.rtacchi.com/indexd622.html]
[sbustos.rtacchi.com/index7b45.html]
[sbustos.rtacchi.com/index5d83.html]
[sbustos.rtacchi.com/index96ea.html]
[sbustos.rtacchi.com/index7882.html]
[sbustos.rtacchi.com/index627d.html]
[sbustos.rtacchi.com/index8c79.html]
[sbustos.rtacchi.com/indexafdb.html]
[sbustos.rtacchi.com/indexa100.html]
[sbustos.rtacchi.com/index1846.html]
[sbustos.rtacchi.com/index9806.html]
[sbustos.rtacchi.com/index5fb7.html]
[sbustos.rtacchi.com/index6e21.html]
[sbustos.rtacchi.com/indexe804.html]
[sbustos.rtacchi.com/indexa02e.html]
[sbustos.rtacchi.com/indexe7d3.html]
[sbustos.rtacchi.com/index9b0a.html]
[sbustos.rtacchi.com/index770a.html]
[sbustos.rtacchi.com/indexfd64.html]
[sbustos.rtacchi.com/index38e0.html]
[sbustos.rtacchi.com/index1d9d.html]
[sbustos.rtacchi.com/index3225.html]
[sbustos.rtacchi.com/index7719.html]
[sbustos.rtacchi.com/index258a.html]
[sbustos.rtacchi.com/indexabbe.html]
[sbustos.rtacchi.com/indexbd8f.html]
[sbustos.rtacchi.com/indexf35b.html]
[sbustos.rtacchi.com/indexb714.html]
[sbustos.rtacchi.com/indexb06d.html]
[sbustos.rtacchi.com/index24aa.html]
[sbustos.rtacchi.com/index1196.html]
[sbustos.rtacchi.com/indexa610.html]
[sbustos.rtacchi.com/index7f84.html]
[sbustos.rtacchi.com/index64c1.html]
[sbustos.rtacchi.com/index88ae.html]
[sbustos.rtacchi.com/indexd9e6.html]
[sbustos.rtacchi.com/indexf238.html]
[sbustos.rtacchi.com/index2b15.html]
[sbustos.rtacchi.com/index02dd.html]
[sbustos.rtacchi.com/modules/mod_slicebox_slider/cesfam2/5.jpg]
[sbustos.rtacchi.com/index2395.html]
[sbustos.rtacchi.com/index947f.html]
[sbustos.rtacchi.com/index1365.html]
[sbustos.rtacchi.com/indexc598.html]
[sbustos.rtacchi.com/indexb5a5.html]
[sbustos.rtacchi.com/index3059.html]
[sbustos.rtacchi.com/index58e5.html]
[sbustos.rtacchi.com/index7788.html]
[sbustos.rtacchi.com/indexd622.html]
[sbustos.rtacchi.com/index7b45.html]
[sbustos.rtacchi.com/index96ea.html]
[sbustos.rtacchi.com/index7882.html]
[sbustos.rtacchi.com/index1be8.html]
[sbustos.rtacchi.com/index8c79.html]
[sbustos.rtacchi.com/indexafdb.html]
[sbustos.rtacchi.com/indexfd2a.html]
[sbustos.rtacchi.com/index1846.html]
[sbustos.rtacchi.com/index9806.html]
[sbustos.rtacchi.com/index7c56.html]
[sbustos.rtacchi.com/index5fb7.html]
[sbustos.rtacchi.com/index6e21.html]
[sbustos.rtacchi.com/indexa02e.html]
[sbustos.rtacchi.com/index7db6.html]
[sbustos.rtacchi.com/indexdde5.html]
[sbustos.rtacchi.com/index695d.html]
[sbustos.rtacchi.com/index5ab6.html]
[sbustos.rtacchi.com/index71fb.html]
[sbustos.rtacchi.com/index96e5.html]
[sbustos.rtacchi.com/index6131.html]
[sbustos.rtacchi.com/index4432.html]
[sbustos.rtacchi.com/indexfacd.html]
[sbustos.rtacchi.com/index0ebd.html]
[sbustos.rtacchi.com/index248d.html]
[sbustos.rtacchi.com/indexe7d3.html]
[sbustos.rtacchi.com/index9b0a.html]
[sbustos.rtacchi.com/index770a.html]
[sbustos.rtacchi.com/indexfd64.html]
[sbustos.rtacchi.com/index38e0.html]
[sbustos.rtacchi.com/index1d9d.html]
[sbustos.rtacchi.com/index3225.html]
[sbustos.rtacchi.com/index8e96.html]
[sbustos.rtacchi.com/indexe7cb.html]
[sbustos.rtacchi.com/index11b1.html]
[sbustos.rtacchi.com/index5d72.html]
[sbustos.rtacchi.com/index7719.html]
[sbustos.rtacchi.com/index398e.html]
[sbustos.rtacchi.com/indexb51e.html]
[sbustos.rtacchi.com/indexbf41.html]
[sbustos.rtacchi.com/index3ed1.html]
[sbustos.rtacchi.com/index661d.html]
[sbustos.rtacchi.com/index258a.html]
[sbustos.rtacchi.com/index403b.html]
[sbustos.rtacchi.com/index0ec3.html]
[sbustos.rtacchi.com/index5bd0.html]
[sbustos.rtacchi.com/indexabbe.html]
[sbustos.rtacchi.com/indexcc1f.html]
[sbustos.rtacchi.com/index7e1e.html]
[sbustos.rtacchi.com/indexafc4.html]
[sbustos.rtacchi.com/indexebb3.html]
[sbustos.rtacchi.com/indexbd8f.html]
[sbustos.rtacchi.com/indexb714.html]
[sbustos.rtacchi.com/indexfdcb.html]
[sbustos.rtacchi.com/indexc37e.html]
[sbustos.rtacchi.com/index658a.html]
[sbustos.rtacchi.com/index2ce4.html]
[sbustos.rtacchi.com/indexb06d.html]
[sbustos.rtacchi.com/index24aa.html]
[sbustos.rtacchi.com/index1196.html]
[sbustos.rtacchi.com/indexa610.html]
[sbustos.rtacchi.com/index2b15.html]
[sbustos.rtacchi.com/index02dd.html]
[sbustos.rtacchi.com/index2395.html]
[sbustos.rtacchi.com/index1365.html]
[sbustos.rtacchi.com/indexc598.html]
[sbustos.rtacchi.com/indexb5a5.html]
[sbustos.rtacchi.com/index7788.html]
[sbustos.rtacchi.com/index1be8.html]
[sbustos.rtacchi.com/indexfd2a.html]
[sbustos.rtacchi.com/index7c56.html]
[sbustos.rtacchi.com/index7db6.html]
[sbustos.rtacchi.com/indexdde5.html]
[sbustos.rtacchi.com/index695d.html]
[sbustos.rtacchi.com/index5ab6.html]
[sbustos.rtacchi.com/index71fb.html]
[sbustos.rtacchi.com/index96e5.html]
[sbustos.rtacchi.com/index6131.html]
[sbustos.rtacchi.com/index929c.html]
[sbustos.rtacchi.com/indexff08.html]
[sbustos.rtacchi.com/indexcba2.html]
[sbustos.rtacchi.com/index4432.html]
[sbustos.rtacchi.com/indexbf16.html]
[sbustos.rtacchi.com/index2d93.html]
[sbustos.rtacchi.com/index5bac.html]
[sbustos.rtacchi.com/indexfacd.html]
[sbustos.rtacchi.com/indexbca3.html]
[sbustos.rtacchi.com/index1dfd.html]
[sbustos.rtacchi.com/index8dc1.html]
[sbustos.rtacchi.com/index0ebd.html]
[sbustos.rtacchi.com/index6f55.html]
[sbustos.rtacchi.com/index0cf7.html]
[sbustos.rtacchi.com/indexb956.html]
[sbustos.rtacchi.com/index248d.html]
[sbustos.rtacchi.com/index8e96.html]
[sbustos.rtacchi.com/indexe7cb.html]
[sbustos.rtacchi.com/index61dc.html]
[sbustos.rtacchi.com/index11b1.html]
[sbustos.rtacchi.com/index5d72.html]
[sbustos.rtacchi.com/index398e.html]
[sbustos.rtacchi.com/indexb51e.html]
[sbustos.rtacchi.com/indexf4bf.html]
[sbustos.rtacchi.com/indexbf41.html]
[sbustos.rtacchi.com/index3ed1.html]
[sbustos.rtacchi.com/index661d.html]
[sbustos.rtacchi.com/_images/image003.jpg/_.html]
[sbustos.rtacchi.com/index403b.html]
[sbustos.rtacchi.com/indexe3b7.html]
[sbustos.rtacchi.com/index0ec3.html]
[sbustos.rtacchi.com/index5bd0.html]
[sbustos.rtacchi.com/indexcc1f.html]
[sbustos.rtacchi.com/index7e1e.html]
[sbustos.rtacchi.com/index1864.html]
[sbustos.rtacchi.com/indexafc4.html]
[sbustos.rtacchi.com/indexebb3.html]
[sbustos.rtacchi.com/indexfdcb.html]
[sbustos.rtacchi.com/indexc37e.html]
[sbustos.rtacchi.com/index658a.html]
[sbustos.rtacchi.com/index2ce4.html]
[sbustos.rtacchi.com/index929c.html]
[sbustos.rtacchi.com/indexff08.html]
[sbustos.rtacchi.com/indexcba2.html]
[sbustos.rtacchi.com/indexbf16.html]
[sbustos.rtacchi.com/index2d93.html]
[sbustos.rtacchi.com/index5bac.html]
[sbustos.rtacchi.com/indexbca3.html]
[sbustos.rtacchi.com/index1dfd.html]
[sbustos.rtacchi.com/index8dc1.html]
[sbustos.rtacchi.com/index6f55.html]
[sbustos.rtacchi.com/index0cf7.html]
[sbustos.rtacchi.com/indexb956.html]
[sbustos.rtacchi.com/index61dc.html]
[sbustos.rtacchi.com/indexf4bf.html]
[sbustos.rtacchi.com/indexe3b7.html]
[sbustos.rtacchi.com/index1864.html]
[sbustos.rtacchi.com/indexbe2e.html]
[sbustos.rtacchi.com/indexbe2e.html]
